
-[NEW-LOG]---------------------------------------------------------
2026-09-05T15:03:22.310631Z  INFO libseat::log_handler: [libseat/backend/seatd.c:64] Could not connect to socket /run/seatd.sock: No such file or directory
2026-09-05T15:03:22.310655Z  INFO libseat::log_handler: [libseat/libseat.c:76] Backend 'seatd' failed to open seat, skipping
2026-09-05T15:03:22.311193Z  INFO libseat::log_handler: [libseat/libseat.c:73] Seat opened with backend 'logind'
2026-09-05T15:03:22.329257Z  INFO muxw::backend::input: OPEN DEVICE
2026-09-05T15:03:22.330682Z  INFO muxw::backend::input: OPEN DEVICE
2026-09-05T15:03:22.331875Z  INFO muxw::backend::input: OPEN DEVICE
2026-09-05T15:03:22.333056Z  INFO muxw::backend::input: OPEN DEVICE
2026-09-05T15:03:22.334222Z  INFO muxw::backend::input: OPEN DEVICE
2026-09-05T15:03:22.335576Z  INFO muxw::backend::input: OPEN DEVICE
2026-09-05T15:03:22.336588Z  INFO muxw::backend::input: OPEN DEVICE
2026-09-05T15:03:22.337600Z  INFO muxw::backend::input: OPEN DEVICE
2026-09-05T15:03:22.338641Z  INFO muxw::backend::input: OPEN DEVICE
2026-09-05T15:03:22.339977Z  INFO muxw::backend::input: OPEN DEVICE
2026-09-05T15:03:22.341257Z  INFO muxw::backend::input: OPEN DEVICE
2026-09-05T15:03:22.342951Z  INFO muxw::backend::input: OPEN DEVICE
2026-09-05T15:03:22.344415Z  INFO muxw::backend::input: OPEN DEVICE
2026-09-05T15:03:22.345757Z  INFO muxw::backend::input: OPEN DEVICE
2026-09-05T15:03:22.346737Z  INFO muxw::backend::input: OPEN DEVICE
2026-09-05T15:03:22.347780Z  INFO muxw::backend::input: OPEN DEVICE
2026-09-05T15:03:22.348753Z  INFO muxw::backend::input: OPEN DEVICE
2026-09-05T15:03:22.349725Z  INFO muxw::backend::input: OPEN DEVICE
2026-09-05T15:03:22.350814Z  INFO muxw::backend::input: OPEN DEVICE
2026-09-05T15:03:22.352029Z  INFO muxw::backend::input: OPEN DEVICE
2026-09-05T15:03:22.353536Z  INFO muxw::backend::input: OPEN DEVICE
2026-09-05T15:03:22.355092Z  INFO muxw::backend::input: OPEN DEVICE
2026-09-05T15:03:22.356648Z  INFO muxw::backend::input: OPEN DEVICE
2026-09-05T15:03:22.358070Z  INFO muxw::backend::input: OPEN DEVICE
2026-09-05T15:03:22.359469Z  INFO muxw::backend::input: OPEN DEVICE
2026-09-05T15:03:22.360174Z  INFO muxw::backend::input: OPEN DEVICE
2026-09-05T15:03:22.360878Z  INFO muxw::backend::input: OPEN DEVICE
2026-09-05T15:03:22.374894Z  INFO muxw::renderer: Vulkan Renderer initialized successfully.
2026-09-05T15:03:22.374914Z  INFO muxw::backend::drm: DRM START
2026-09-05T15:03:22.377289Z  INFO muxw::backend::drm: Registered DRM card: "/dev/dri/card1"
2026-09-05T15:03:22.389203Z  INFO muxw::backend::drm: Setting up Vulkan Surface for monitor 2560x1440
2026-09-05T15:03:22.418292Z  INFO muxw::backend::drm: Initialized 1 display surface(s) on this card!
2026-09-05T15:03:22.423761Z  INFO muxw::backend::drm: Registered DRM card: "/dev/dri/card0"
2026-09-05T15:03:22.423818Z  INFO muxw::backend::drm: Skipping card (Devnum 57856): No connected monitors found
2026-09-05T15:03:22.424134Z DEBUG event{token=Seat(Dispatch)}: libseat::log_handler: [libseat/backend/logind.c:381] Device removed: 13:78
2026-09-05T15:03:22.424154Z DEBUG event{token=Seat(Dispatch)}: libseat::log_handler: [libseat/backend/logind.c:381] Device removed: 13:79
2026-09-05T15:03:22.424165Z DEBUG event{token=Seat(Dispatch)}: libseat::log_handler: [libseat/backend/logind.c:381] Device removed: 13:81
2026-09-05T15:03:22.424176Z DEBUG event{token=Seat(Dispatch)}: libseat::log_handler: [libseat/backend/logind.c:381] Device removed: 13:83
2026-09-05T15:03:22.424185Z DEBUG event{token=Seat(Dispatch)}: libseat::log_handler: [libseat/backend/logind.c:381] Device removed: 13:80
2026-09-05T15:03:22.424194Z DEBUG event{token=Seat(Dispatch)}: libseat::log_handler: [libseat/backend/logind.c:381] Device removed: 13:82
2026-09-05T15:03:22.424203Z DEBUG event{token=Seat(Dispatch)}: libseat::log_handler: [libseat/backend/logind.c:381] Device removed: 13:84
2026-09-05T15:03:22.424212Z DEBUG event{token=Seat(Dispatch)}: libseat::log_handler: [libseat/backend/logind.c:381] Device removed: 13:85
2026-09-05T15:03:22.424225Z DEBUG event{token=Seat(Dispatch)}: libseat::log_handler: [libseat/backend/logind.c:381] Device removed: 13:86
2026-09-05T15:03:22.424237Z DEBUG event{token=Seat(Dispatch)}: libseat::log_handler: [libseat/backend/logind.c:381] Device removed: 13:87
2026-09-05T15:03:22.424246Z DEBUG event{token=Seat(Dispatch)}: libseat::log_handler: [libseat/backend/logind.c:381] Device removed: 13:88
2026-09-05T15:03:22.424255Z DEBUG event{token=Seat(Dispatch)}: libseat::log_handler: [libseat/backend/logind.c:381] Device removed: 13:89
2026-09-05T15:03:22.424264Z DEBUG event{token=Seat(Dispatch)}: libseat::log_handler: [libseat/backend/logind.c:381] Device removed: 13:90
2026-09-05T15:03:22.424277Z DEBUG event{token=Seat(Dispatch)}: libseat::log_handler: [libseat/backend/logind.c:381] Device removed: 13:72
2026-09-05T15:03:22.424289Z DEBUG event{token=Seat(Dispatch)}: libseat::log_handler: [libseat/backend/logind.c:381] Device removed: 13:77
2026-09-05T15:03:22.424321Z DEBUG event{token=Seat(Enable)}: muxw::compositor: Seat Enable
2026-09-05T15:03:22.424327Z  INFO event{token=Seat(Enable)}: muxw::backend::drm: DRM subsystem resumed, restoring display modesets...
2026-09-05T15:03:23.121937Z DEBUG event{token=Input(InputEvent { key: InputDeviceKey(0), kind: DeviceAdded })}: muxw::compositor: Input event received event=InputEvent { key: InputDeviceKey(0), kind: DeviceAdded }
2026-09-05T15:03:23.123144Z DEBUG event{token=Input(InputEvent { key: InputDeviceKey(1), kind: DeviceAdded })}: muxw::compositor: Input event received event=InputEvent { key: InputDeviceKey(1), kind: DeviceAdded }
2026-09-05T15:03:23.123470Z ERROR event{token=Input(InputEvent { key: InputDeviceKey(1), kind: DeviceAdded })}: muxw::backend::drm: Failed to draw frame on surface 0: Device or resource busy (os error 16)
2026-09-05T15:03:23.123494Z DEBUG event{token=Input(InputEvent { key: InputDeviceKey(2), kind: DeviceAdded })}: muxw::compositor: Input event received event=InputEvent { key: InputDeviceKey(2), kind: DeviceAdded }
2026-09-05T15:03:23.123762Z ERROR event{token=Input(InputEvent { key: InputDeviceKey(2), kind: DeviceAdded })}: muxw::backend::drm: Failed to draw frame on surface 0: Device or resource busy (os error 16)
2026-09-05T15:03:23.123780Z DEBUG event{token=Input(InputEvent { key: InputDeviceKey(3), kind: DeviceAdded })}: muxw::compositor: Input event received event=InputEvent { key: InputDeviceKey(3), kind: DeviceAdded }
2026-09-05T15:03:23.124042Z ERROR event{token=Input(InputEvent { key: InputDeviceKey(3), kind: DeviceAdded })}: muxw::backend::drm: Failed to draw frame on surface 0: Device or resource busy (os error 16)
2026-09-05T15:03:23.124060Z DEBUG event{token=Input(InputEvent { key: InputDeviceKey(4), kind: DeviceAdded })}: muxw::compositor: Input event received event=InputEvent { key: InputDeviceKey(4), kind: DeviceAdded }
2026-09-05T15:03:23.124333Z ERROR event{token=Input(InputEvent { key: InputDeviceKey(4), kind: DeviceAdded })}: muxw::backend::drm: Failed to draw frame on surface 0: Device or resource busy (os error 16)
2026-09-05T15:03:23.124350Z DEBUG event{token=Input(InputEvent { key: InputDeviceKey(5), kind: DeviceAdded })}: muxw::compositor: Input event received event=InputEvent { key: InputDeviceKey(5), kind: DeviceAdded }
2026-09-05T15:03:23.124917Z ERROR event{token=Input(InputEvent { key: InputDeviceKey(5), kind: DeviceAdded })}: muxw::backend::drm: Failed to draw frame on surface 0: Device or resource busy (os error 16)
2026-09-05T15:03:23.124935Z DEBUG event{token=Input(InputEvent { key: InputDeviceKey(6), kind: DeviceAdded })}: muxw::compositor: Input event received event=InputEvent { key: InputDeviceKey(6), kind: DeviceAdded }
2026-09-05T15:03:23.125208Z ERROR event{token=Input(InputEvent { key: InputDeviceKey(6), kind: DeviceAdded })}: muxw::backend::drm: Failed to draw frame on surface 0: Device or resource busy (os error 16)
2026-09-05T15:03:23.125225Z DEBUG event{token=Input(InputEvent { key: InputDeviceKey(7), kind: DeviceAdded })}: muxw::compositor: Input event received event=InputEvent { key: InputDeviceKey(7), kind: DeviceAdded }
2026-09-05T15:03:23.125498Z ERROR event{token=Input(InputEvent { key: InputDeviceKey(7), kind: DeviceAdded })}: muxw::backend::drm: Failed to draw frame on surface 0: Device or resource busy (os error 16)
2026-09-05T15:03:23.125516Z DEBUG event{token=Input(InputEvent { key: InputDeviceKey(8), kind: DeviceAdded })}: muxw::compositor: Input event received event=InputEvent { key: InputDeviceKey(8), kind: DeviceAdded }
2026-09-05T15:03:23.126025Z ERROR event{token=Input(InputEvent { key: InputDeviceKey(8), kind: DeviceAdded })}: muxw::backend::drm: Failed to draw frame on surface 0: Device or resource busy (os error 16)
2026-09-05T15:03:23.126042Z DEBUG event{token=Input(InputEvent { key: InputDeviceKey(9), kind: DeviceAdded })}: muxw::compositor: Input event received event=InputEvent { key: InputDeviceKey(9), kind: DeviceAdded }
2026-09-05T15:03:23.126314Z ERROR event{token=Input(InputEvent { key: InputDeviceKey(9), kind: DeviceAdded })}: muxw::backend::drm: Failed to draw frame on surface 0: Device or resource busy (os error 16)
2026-09-05T15:03:23.126331Z DEBUG event{token=Input(InputEvent { key: InputDeviceKey(10), kind: DeviceAdded })}: muxw::compositor: Input event received event=InputEvent { key: InputDeviceKey(10), kind: DeviceAdded }
2026-09-05T15:03:23.126604Z ERROR event{token=Input(InputEvent { key: InputDeviceKey(10), kind: DeviceAdded })}: muxw::backend::drm: Failed to draw frame on surface 0: Device or resource busy (os error 16)
2026-09-05T15:03:23.126622Z DEBUG event{token=Input(InputEvent { key: InputDeviceKey(11), kind: DeviceAdded })}: muxw::compositor: Input event received event=InputEvent { key: InputDeviceKey(11), kind: DeviceAdded }
2026-09-05T15:03:23.126895Z ERROR event{token=Input(InputEvent { key: InputDeviceKey(11), kind: DeviceAdded })}: muxw::backend::drm: Failed to draw frame on surface 0: Device or resource busy (os error 16)
2026-09-05T15:03:23.126913Z DEBUG event{token=Input(InputEvent { key: InputDeviceKey(0), kind: Keyboard { keycode: 38, state: Pressed } })}: muxw::compositor: Input event received event=InputEvent { key: InputDeviceKey(0), kind: Keyboard { keycode: 38, state: Pressed } }
2026-09-05T15:03:23.127186Z ERROR event{token=Input(InputEvent { key: InputDeviceKey(0), kind: Keyboard { keycode: 38, state: Pressed } })}: muxw::backend::drm: Failed to draw frame on surface 0: Device or resource busy (os error 16)
2026-09-05T15:03:23.135804Z TRACE event{token=DrmCard(DrmCardKey(0))}: muxw::compositor: DrmCard event triggered drm_card_key=DrmCardKey(0)
2026-09-05T15:03:23.177970Z DEBUG event{token=Input(InputEvent { key: InputDeviceKey(0), kind: Keyboard { keycode: 38, state: Released } })}: muxw::compositor: Input event received event=InputEvent { key: InputDeviceKey(0), kind: Keyboard { keycode: 38, state: Released } }
2026-09-05T15:03:23.186132Z TRACE event{token=DrmCard(DrmCardKey(0))}: muxw::compositor: DrmCard event triggered drm_card_key=DrmCardKey(0)
2026-09-05T15:03:23.759272Z DEBUG event{token=Input(InputEvent { key: InputDeviceKey(0), kind: Keyboard { keycode: 38, state: Pressed } })}: muxw::compositor: Input event received event=InputEvent { key: InputDeviceKey(0), kind: Keyboard { keycode: 38, state: Pressed } }
2026-09-05T15:03:23.769989Z TRACE event{token=DrmCard(DrmCardKey(0))}: muxw::compositor: DrmCard event triggered drm_card_key=DrmCardKey(0)
2026-09-05T15:03:23.825275Z DEBUG event{token=Input(InputEvent { key: InputDeviceKey(0), kind: Keyboard { keycode: 38, state: Released } })}: muxw::compositor: Input event received event=InputEvent { key: InputDeviceKey(0), kind: Keyboard { keycode: 38, state: Released } }
2026-09-05T15:03:23.836744Z TRACE event{token=DrmCard(DrmCardKey(0))}: muxw::compositor: DrmCard event triggered drm_card_key=DrmCardKey(0)
2026-09-05T15:03:24.132956Z DEBUG event{token=Input(InputEvent { key: InputDeviceKey(0), kind: Keyboard { keycode: 38, state: Pressed } })}: muxw::compositor: Input event received event=InputEvent { key: InputDeviceKey(0), kind: Keyboard { keycode: 38, state: Pressed } }
2026-09-05T15:03:24.137134Z TRACE event{token=DrmCard(DrmCardKey(0))}: muxw::compositor: DrmCard event triggered drm_card_key=DrmCardKey(0)
2026-09-05T15:03:24.164199Z DEBUG event{token=Input(InputEvent { key: InputDeviceKey(0), kind: Keyboard { keycode: 38, state: Released } })}: muxw::compositor: Input event received event=InputEvent { key: InputDeviceKey(0), kind: Keyboard { keycode: 38, state: Released } }
2026-09-05T15:03:24.170509Z TRACE event{token=DrmCard(DrmCardKey(0))}: muxw::compositor: DrmCard event triggered drm_card_key=DrmCardKey(0)
2026-09-05T15:03:24.296209Z DEBUG event{token=Input(InputEvent { key: InputDeviceKey(0), kind: Keyboard { keycode: 38, state: Pressed } })}: muxw::compositor: Input event received event=InputEvent { key: InputDeviceKey(0), kind: Keyboard { keycode: 38, state: Pressed } }
2026-09-05T15:03:24.304107Z TRACE event{token=DrmCard(DrmCardKey(0))}: muxw::compositor: DrmCard event triggered drm_card_key=DrmCardKey(0)
2026-09-05T15:03:24.356270Z DEBUG event{token=Input(InputEvent { key: InputDeviceKey(0), kind: Keyboard { keycode: 38, state: Released } })}: muxw::compositor: Input event received event=InputEvent { key: InputDeviceKey(0), kind: Keyboard { keycode: 38, state: Released } }
2026-09-05T15:03:24.370862Z TRACE event{token=DrmCard(DrmCardKey(0))}: muxw::compositor: DrmCard event triggered drm_card_key=DrmCardKey(0)
2026-09-05T15:03:24.465207Z DEBUG event{token=Input(InputEvent { key: InputDeviceKey(0), kind: Keyboard { keycode: 38, state: Pressed } })}: muxw::compositor: Input event received event=InputEvent { key: InputDeviceKey(0), kind: Keyboard { keycode: 38, state: Pressed } }
2026-09-05T15:03:24.470917Z TRACE event{token=DrmCard(DrmCardKey(0))}: muxw::compositor: DrmCard event triggered drm_card_key=DrmCardKey(0)
2026-09-05T15:03:24.532206Z DEBUG event{token=Input(InputEvent { key: InputDeviceKey(0), kind: Keyboard { keycode: 38, state: Released } })}: muxw::compositor: Input event received event=InputEvent { key: InputDeviceKey(0), kind: Keyboard { keycode: 38, state: Released } }
2026-09-05T15:03:24.537667Z TRACE event{token=DrmCard(DrmCardKey(0))}: muxw::compositor: DrmCard event triggered drm_card_key=DrmCardKey(0)
2026-09-05T15:03:24.576948Z DEBUG event{token=Input(InputEvent { key: InputDeviceKey(0), kind: Keyboard { keycode: 31, state: Pressed } })}: muxw::compositor: Input event received event=InputEvent { key: InputDeviceKey(0), kind: Keyboard { keycode: 31, state: Pressed } }
2026-09-05T15:03:24.588014Z TRACE event{token=DrmCard(DrmCardKey(0))}: muxw::compositor: DrmCard event triggered drm_card_key=DrmCardKey(0)
2026-09-05T15:03:24.667945Z DEBUG event{token=Input(InputEvent { key: InputDeviceKey(0), kind: Keyboard { keycode: 31, state: Released } })}: muxw::compositor: Input event received event=InputEvent { key: InputDeviceKey(0), kind: Keyboard { keycode: 31, state: Released } }
2026-09-05T15:03:24.671092Z TRACE event{token=DrmCard(DrmCardKey(0))}: muxw::compositor: DrmCard event triggered drm_card_key=DrmCardKey(0)
2026-09-05T15:03:24.871268Z DEBUG event{token=Input(InputEvent { key: InputDeviceKey(0), kind: Keyboard { keycode: 38, state: Pressed } })}: muxw::compositor: Input event received event=InputEvent { key: InputDeviceKey(0), kind: Keyboard { keycode: 38, state: Pressed } }
2026-09-05T15:03:24.888125Z TRACE event{token=DrmCard(DrmCardKey(0))}: muxw::compositor: DrmCard event triggered drm_card_key=DrmCardKey(0)
2026-09-05T15:03:24.914968Z DEBUG event{token=Input(InputEvent { key: InputDeviceKey(0), kind: Keyboard { keycode: 38, state: Released } })}: muxw::compositor: Input event received event=InputEvent { key: InputDeviceKey(0), kind: Keyboard { keycode: 38, state: Released } }
2026-09-05T15:03:24.921486Z TRACE event{token=DrmCard(DrmCardKey(0))}: muxw::compositor: DrmCard event triggered drm_card_key=DrmCardKey(0)
2026-09-05T15:03:25.030960Z DEBUG event{token=Input(InputEvent { key: InputDeviceKey(0), kind: Keyboard { keycode: 38, state: Pressed } })}: muxw::compositor: Input event received event=InputEvent { key: InputDeviceKey(0), kind: Keyboard { keycode: 38, state: Pressed } }
2026-09-05T15:03:25.038410Z TRACE event{token=DrmCard(DrmCardKey(0))}: muxw::compositor: DrmCard event triggered drm_card_key=DrmCardKey(0)
2026-09-05T15:03:25.097196Z DEBUG event{token=Input(InputEvent { key: InputDeviceKey(0), kind: Keyboard { keycode: 38, state: Released } })}: muxw::compositor: Input event received event=InputEvent { key: InputDeviceKey(0), kind: Keyboard { keycode: 38, state: Released } }
2026-09-05T15:03:25.105058Z TRACE event{token=DrmCard(DrmCardKey(0))}: muxw::compositor: DrmCard event triggered drm_card_key=DrmCardKey(0)
2026-09-05T15:03:25.134957Z DEBUG event{token=Input(InputEvent { key: InputDeviceKey(0), kind: Keyboard { keycode: 31, state: Pressed } })}: muxw::compositor: Input event received event=InputEvent { key: InputDeviceKey(0), kind: Keyboard { keycode: 31, state: Pressed } }
2026-09-05T15:03:25.138459Z TRACE event{token=DrmCard(DrmCardKey(0))}: muxw::compositor: DrmCard event triggered drm_card_key=DrmCardKey(0)
2026-09-05T15:03:25.160195Z DEBUG event{token=Input(InputEvent { key: InputDeviceKey(0), kind: Keyboard { keycode: 32, state: Pressed } })}: muxw::compositor: Input event received event=InputEvent { key: InputDeviceKey(0), kind: Keyboard { keycode: 32, state: Pressed } }
2026-09-05T15:03:25.171842Z TRACE event{token=DrmCard(DrmCardKey(0))}: muxw::compositor: DrmCard event triggered drm_card_key=DrmCardKey(0)
2026-09-05T15:03:25.180193Z DEBUG event{token=Input(InputEvent { key: InputDeviceKey(0), kind: Keyboard { keycode: 32, state: Released } })}: muxw::compositor: Input event received event=InputEvent { key: InputDeviceKey(0), kind: Keyboard { keycode: 32, state: Released } }
2026-09-05T15:03:25.188517Z TRACE event{token=DrmCard(DrmCardKey(0))}: muxw::compositor: DrmCard event triggered drm_card_key=DrmCardKey(0)
2026-09-05T15:03:25.297963Z DEBUG event{token=Input(InputEvent { key: InputDeviceKey(0), kind: Keyboard { keycode: 32, state: Pressed } })}: muxw::compositor: Input event received event=InputEvent { key: InputDeviceKey(0), kind: Keyboard { keycode: 32, state: Pressed } }
2026-09-05T15:03:25.305323Z TRACE event{token=DrmCard(DrmCardKey(0))}: muxw::compositor: DrmCard event triggered drm_card_key=DrmCardKey(0)
2026-09-05T15:03:25.317954Z DEBUG event{token=Input(InputEvent { key: InputDeviceKey(0), kind: Keyboard { keycode: 31, state: Released } })}: muxw::compositor: Input event received event=InputEvent { key: InputDeviceKey(0), kind: Keyboard { keycode: 31, state: Released } }
2026-09-05T15:03:25.318846Z DEBUG event{token=Input(InputEvent { key: InputDeviceKey(0), kind: Keyboard { keycode: 33, state: Pressed } })}: muxw::compositor: Input event received event=InputEvent { key: InputDeviceKey(0), kind: Keyboard { keycode: 33, state: Pressed } }
2026-09-05T15:03:25.319163Z ERROR event{token=Input(InputEvent { key: InputDeviceKey(0), kind: Keyboard { keycode: 33, state: Pressed } })}: muxw::backend::drm: Failed to draw frame on surface 0: Device or resource busy (os error 16)
2026-09-05T15:03:25.321931Z TRACE event{token=DrmCard(DrmCardKey(0))}: muxw::compositor: DrmCard event triggered drm_card_key=DrmCardKey(0)
2026-09-05T15:03:25.366944Z DEBUG event{token=Input(InputEvent { key: InputDeviceKey(0), kind: Keyboard { keycode: 32, state: Released } })}: muxw::compositor: Input event received event=InputEvent { key: InputDeviceKey(0), kind: Keyboard { keycode: 32, state: Released } }
2026-09-05T15:03:25.372131Z TRACE event{token=DrmCard(DrmCardKey(0))}: muxw::compositor: DrmCard event triggered drm_card_key=DrmCardKey(0)
2026-09-05T15:03:25.409972Z DEBUG event{token=Input(InputEvent { key: InputDeviceKey(0), kind: Keyboard { keycode: 38, state: Pressed } })}: muxw::compositor: Input event received event=InputEvent { key: InputDeviceKey(0), kind: Keyboard { keycode: 38, state: Pressed } }
2026-09-05T15:03:25.410709Z DEBUG event{token=Input(InputEvent { key: InputDeviceKey(0), kind: Keyboard { keycode: 39, state: Pressed } })}: muxw::compositor: Input event received event=InputEvent { key: InputDeviceKey(0), kind: Keyboard { keycode: 39, state: Pressed } }
2026-09-05T15:03:25.411056Z ERROR event{token=Input(InputEvent { key: InputDeviceKey(0), kind: Keyboard { keycode: 39, state: Pressed } })}: muxw::backend::drm: Failed to draw frame on surface 0: Device or resource busy (os error 16)
2026-09-05T15:03:25.415856Z DEBUG event{token=Input(InputEvent { key: InputDeviceKey(0), kind: Keyboard { keycode: 30, state: Pressed } })}: muxw::compositor: Input event received event=InputEvent { key: InputDeviceKey(0), kind: Keyboard { keycode: 30, state: Pressed } }
2026-09-05T15:03:25.416169Z ERROR event{token=Input(InputEvent { key: InputDeviceKey(0), kind: Keyboard { keycode: 30, state: Pressed } })}: muxw::backend::drm: Failed to draw frame on surface 0: Device or resource busy (os error 16)
2026-09-05T15:03:25.416189Z DEBUG event{token=Input(InputEvent { key: InputDeviceKey(0), kind: Keyboard { keycode: 37, state: Pressed } })}: muxw::compositor: Input event received event=InputEvent { key: InputDeviceKey(0), kind: Keyboard { keycode: 37, state: Pressed } }
2026-09-05T15:03:25.416403Z ERROR event{token=Input(InputEvent { key: InputDeviceKey(0), kind: Keyboard { keycode: 37, state: Pressed } })}: muxw::backend::drm: Failed to draw frame on surface 0: Device or resource busy (os error 16)
2026-09-05T15:03:25.422126Z TRACE event{token=DrmCard(DrmCardKey(0))}: muxw::compositor: DrmCard event triggered drm_card_key=DrmCardKey(0)
2026-09-05T15:03:25.479195Z DEBUG event{token=Input(InputEvent { key: InputDeviceKey(0), kind: Keyboard { keycode: 33, state: Released } })}: muxw::compositor: Input event received event=InputEvent { key: InputDeviceKey(0), kind: Keyboard { keycode: 33, state: Released } }
2026-09-05T15:03:25.488905Z TRACE event{token=DrmCard(DrmCardKey(0))}: muxw::compositor: DrmCard event triggered drm_card_key=DrmCardKey(0)
2026-09-05T15:03:25.505961Z DEBUG event{token=Input(InputEvent { key: InputDeviceKey(0), kind: Keyboard { keycode: 39, state: Released } })}: muxw::compositor: Input event received event=InputEvent { key: InputDeviceKey(0), kind: Keyboard { keycode: 39, state: Released } }
2026-09-05T15:03:25.506803Z DEBUG event{token=Input(InputEvent { key: InputDeviceKey(0), kind: Keyboard { keycode: 31, state: Pressed } })}: muxw::compositor: Input event received event=InputEvent { key: InputDeviceKey(0), kind: Keyboard { keycode: 31, state: Pressed } }
2026-09-05T15:03:25.507186Z ERROR event{token=Input(InputEvent { key: InputDeviceKey(0), kind: Keyboard { keycode: 31, state: Pressed } })}: muxw::backend::drm: Failed to draw frame on surface 0: Device or resource busy (os error 16)
2026-09-05T15:03:25.522276Z TRACE event{token=DrmCard(DrmCardKey(0))}: muxw::compositor: DrmCard event triggered drm_card_key=DrmCardKey(0)
2026-09-05T15:03:25.526895Z DEBUG event{token=Input(InputEvent { key: InputDeviceKey(0), kind: Keyboard { keycode: 38, state: Released } })}: muxw::compositor: Input event received event=InputEvent { key: InputDeviceKey(0), kind: Keyboard { keycode: 38, state: Released } }
2026-09-05T15:03:25.539258Z TRACE event{token=DrmCard(DrmCardKey(0))}: muxw::compositor: DrmCard event triggered drm_card_key=DrmCardKey(0)
2026-09-05T15:03:25.550963Z DEBUG event{token=Input(InputEvent { key: InputDeviceKey(0), kind: Keyboard { keycode: 32, state: Pressed } })}: muxw::compositor: Input event received event=InputEvent { key: InputDeviceKey(0), kind: Keyboard { keycode: 32, state: Pressed } }
2026-09-05T15:03:25.551680Z DEBUG event{token=Input(InputEvent { key: InputDeviceKey(0), kind: Keyboard { keycode: 36, state: Pressed } })}: muxw::compositor: Input event received event=InputEvent { key: InputDeviceKey(0), kind: Keyboard { keycode: 36, state: Pressed } }
2026-09-05T15:03:25.552011Z ERROR event{token=Input(InputEvent { key: InputDeviceKey(0), kind: Keyboard { keycode: 36, state: Pressed } })}: muxw::backend::drm: Failed to draw frame on surface 0: Device or resource busy (os error 16)
2026-09-05T15:03:25.555640Z TRACE event{token=DrmCard(DrmCardKey(0))}: muxw::compositor: DrmCard event triggered drm_card_key=DrmCardKey(0)
2026-09-05T15:03:25.579198Z DEBUG event{token=Input(InputEvent { key: InputDeviceKey(0), kind: Keyboard { keycode: 30, state: Released } })}: muxw::compositor: Input event received event=InputEvent { key: InputDeviceKey(0), kind: Keyboard { keycode: 30, state: Released } }
2026-09-05T15:03:25.589050Z TRACE event{token=DrmCard(DrmCardKey(0))}: muxw::compositor: DrmCard event triggered drm_card_key=DrmCardKey(0)
2026-09-05T15:03:25.599194Z DEBUG event{token=Input(InputEvent { key: InputDeviceKey(0), kind: Keyboard { keycode: 37, state: Released } })}: muxw::compositor: Input event received event=InputEvent { key: InputDeviceKey(0), kind: Keyboard { keycode: 37, state: Released } }
2026-09-05T15:03:25.599946Z DEBUG event{token=Input(InputEvent { key: InputDeviceKey(0), kind: Keyboard { keycode: 33, state: Pressed } })}: muxw::compositor: Input event received event=InputEvent { key: InputDeviceKey(0), kind: Keyboard { keycode: 33, state: Pressed } }
2026-09-05T15:03:25.600291Z ERROR event{token=Input(InputEvent { key: InputDeviceKey(0), kind: Keyboard { keycode: 33, state: Pressed } })}: muxw::backend::drm: Failed to draw frame on surface 0: Device or resource busy (os error 16)
2026-09-05T15:03:25.605704Z TRACE event{token=DrmCard(DrmCardKey(0))}: muxw::compositor: DrmCard event triggered drm_card_key=DrmCardKey(0)
2026-09-05T15:03:25.624195Z DEBUG event{token=Input(InputEvent { key: InputDeviceKey(0), kind: Keyboard { keycode: 31, state: Released } })}: muxw::compositor: Input event received event=InputEvent { key: InputDeviceKey(0), kind: Keyboard { keycode: 31, state: Released } }
2026-09-05T15:03:25.639453Z TRACE event{token=DrmCard(DrmCardKey(0))}: muxw::compositor: DrmCard event triggered drm_card_key=DrmCardKey(0)
2026-09-05T15:03:25.654919Z DEBUG event{token=Input(InputEvent { key: InputDeviceKey(0), kind: Keyboard { keycode: 32, state: Released } })}: muxw::compositor: Input event received event=InputEvent { key: InputDeviceKey(0), kind: Keyboard { keycode: 32, state: Released } }
2026-09-05T15:03:25.655734Z TRACE event{token=DrmCard(DrmCardKey(0))}: muxw::compositor: DrmCard event triggered drm_card_key=DrmCardKey(0)
2026-09-05T15:03:25.674877Z DEBUG event{token=Input(InputEvent { key: InputDeviceKey(0), kind: Keyboard { keycode: 36, state: Released } })}: muxw::compositor: Input event received event=InputEvent { key: InputDeviceKey(0), kind: Keyboard { keycode: 36, state: Released } }
2026-09-05T15:03:25.689160Z TRACE event{token=DrmCard(DrmCardKey(0))}: muxw::compositor: DrmCard event triggered drm_card_key=DrmCardKey(0)
2026-09-05T15:03:25.701954Z DEBUG event{token=Input(InputEvent { key: InputDeviceKey(0), kind: Keyboard { keycode: 39, state: Pressed } })}: muxw::compositor: Input event received event=InputEvent { key: InputDeviceKey(0), kind: Keyboard { keycode: 39, state: Pressed } }
2026-09-05T15:03:25.705852Z TRACE event{token=DrmCard(DrmCardKey(0))}: muxw::compositor: DrmCard event triggered drm_card_key=DrmCardKey(0)
2026-09-05T15:03:25.734167Z DEBUG event{token=Input(InputEvent { key: InputDeviceKey(0), kind: Keyboard { keycode: 33, state: Released } })}: muxw::compositor: Input event received event=InputEvent { key: InputDeviceKey(0), kind: Keyboard { keycode: 33, state: Released } }
2026-09-05T15:03:25.734895Z DEBUG event{token=Input(InputEvent { key: InputDeviceKey(0), kind: Keyboard { keycode: 30, state: Pressed } })}: muxw::compositor: Input event received event=InputEvent { key: InputDeviceKey(0), kind: Keyboard { keycode: 30, state: Pressed } }
2026-09-05T15:03:25.735235Z ERROR event{token=Input(InputEvent { key: InputDeviceKey(0), kind: Keyboard { keycode: 30, state: Pressed } })}: muxw::backend::drm: Failed to draw frame on surface 0: Device or resource busy (os error 16)
2026-09-05T15:03:25.739206Z TRACE event{token=DrmCard(DrmCardKey(0))}: muxw::compositor: DrmCard event triggered drm_card_key=DrmCardKey(0)
2026-09-05T15:03:25.753950Z DEBUG event{token=Input(InputEvent { key: InputDeviceKey(0), kind: Keyboard { keycode: 38, state: Pressed } })}: muxw::compositor: Input event received event=InputEvent { key: InputDeviceKey(0), kind: Keyboard { keycode: 38, state: Pressed } }
2026-09-05T15:03:25.755896Z TRACE event{token=DrmCard(DrmCardKey(0))}: muxw::compositor: DrmCard event triggered drm_card_key=DrmCardKey(0)
2026-09-05T15:03:25.781956Z DEBUG event{token=Input(InputEvent { key: InputDeviceKey(0), kind: Keyboard { keycode: 31, state: Pressed } })}: muxw::compositor: Input event received event=InputEvent { key: InputDeviceKey(0), kind: Keyboard { keycode: 31, state: Pressed } }
2026-09-05T15:03:25.789281Z TRACE event{token=DrmCard(DrmCardKey(0))}: muxw::compositor: DrmCard event triggered drm_card_key=DrmCardKey(0)
2026-09-05T15:03:25.812193Z DEBUG event{token=Input(InputEvent { key: InputDeviceKey(0), kind: Keyboard { keycode: 37, state: Pressed } })}: muxw::compositor: Input event received event=InputEvent { key: InputDeviceKey(0), kind: Keyboard { keycode: 37, state: Pressed } }
2026-09-05T15:03:25.813202Z DEBUG event{token=Input(InputEvent { key: InputDeviceKey(0), kind: Keyboard { keycode: 32, state: Pressed } })}: muxw::compositor: Input event received event=InputEvent { key: InputDeviceKey(0), kind: Keyboard { keycode: 32, state: Pressed } }
2026-09-05T15:03:25.813603Z ERROR event{token=Input(InputEvent { key: InputDeviceKey(0), kind: Keyboard { keycode: 32, state: Pressed } })}: muxw::backend::drm: Failed to draw frame on surface 0: Device or resource busy (os error 16)
2026-09-05T15:03:25.822657Z TRACE event{token=DrmCard(DrmCardKey(0))}: muxw::compositor: DrmCard event triggered drm_card_key=DrmCardKey(0)
2026-09-05T15:03:25.834152Z DEBUG event{token=Input(InputEvent { key: InputDeviceKey(0), kind: Keyboard { keycode: 39, state: Released } })}: muxw::compositor: Input event received event=InputEvent { key: InputDeviceKey(0), kind: Keyboard { keycode: 39, state: Released } }
2026-09-05T15:03:25.834907Z DEBUG event{token=Input(InputEvent { key: InputDeviceKey(3), kind: Keyboard { keycode: 36, state: Pressed } })}: muxw::compositor: Input event received event=InputEvent { key: InputDeviceKey(3), kind: Keyboard { keycode: 36, state: Pressed } }
2026-09-05T15:03:25.835230Z ERROR event{token=Input(InputEvent { key: InputDeviceKey(3), kind: Keyboard { keycode: 36, state: Pressed } })}: muxw::backend::drm: Failed to draw frame on surface 0: Device or resource busy (os error 16)
2026-09-05T15:03:25.839345Z TRACE event{token=DrmCard(DrmCardKey(0))}: muxw::compositor: DrmCard event triggered drm_card_key=DrmCardKey(0)
2026-09-05T15:03:25.862196Z DEBUG event{token=Input(InputEvent { key: InputDeviceKey(0), kind: Keyboard { keycode: 38, state: Released } })}: muxw::compositor: Input event received event=InputEvent { key: InputDeviceKey(0), kind: Keyboard { keycode: 38, state: Released } }
2026-09-05T15:03:25.865895Z DEBUG event{token=Input(InputEvent { key: InputDeviceKey(0), kind: Keyboard { keycode: 30, state: Released } })}: muxw::compositor: Input event received event=InputEvent { key: InputDeviceKey(0), kind: Keyboard { keycode: 30, state: Released } }
2026-09-05T15:03:25.866239Z ERROR event{token=Input(InputEvent { key: InputDeviceKey(0), kind: Keyboard { keycode: 30, state: Released } })}: muxw::backend::drm: Failed to draw frame on surface 0: Device or resource busy (os error 16)
2026-09-05T15:03:25.866272Z DEBUG event{token=Input(InputEvent { key: InputDeviceKey(0), kind: Keyboard { keycode: 33, state: Pressed } })}: muxw::compositor: Input event received event=InputEvent { key: InputDeviceKey(0), kind: Keyboard { keycode: 33, state: Pressed } }
2026-09-05T15:03:25.866553Z ERROR event{token=Input(InputEvent { key: InputDeviceKey(0), kind: Keyboard { keycode: 33, state: Pressed } })}: muxw::backend::drm: Failed to draw frame on surface 0: Device or resource busy (os error 16)
2026-09-05T15:03:25.872712Z TRACE event{token=DrmCard(DrmCardKey(0))}: muxw::compositor: DrmCard event triggered drm_card_key=DrmCardKey(0)
2026-09-05T15:03:25.894221Z DEBUG event{token=Input(InputEvent { key: InputDeviceKey(0), kind: Keyboard { keycode: 37, state: Released } })}: muxw::compositor: Input event received event=InputEvent { key: InputDeviceKey(0), kind: Keyboard { keycode: 37, state: Released } }
2026-09-05T15:03:25.898892Z DEBUG event{token=Input(InputEvent { key: InputDeviceKey(0), kind: Keyboard { keycode: 31, state: Released } })}: muxw::compositor: Input event received event=InputEvent { key: InputDeviceKey(0), kind: Keyboard { keycode: 31, state: Released } }
2026-09-05T15:03:25.899297Z ERROR event{token=Input(InputEvent { key: InputDeviceKey(0), kind: Keyboard { keycode: 31, state: Released } })}: muxw::backend::drm: Failed to draw frame on surface 0: Device or resource busy (os error 16)
2026-09-05T15:03:25.906111Z TRACE event{token=DrmCard(DrmCardKey(0))}: muxw::compositor: DrmCard event triggered drm_card_key=DrmCardKey(0)
2026-09-05T15:03:25.942976Z DEBUG event{token=Input(InputEvent { key: InputDeviceKey(0), kind: Keyboard { keycode: 32, state: Released } })}: muxw::compositor: Input event received event=InputEvent { key: InputDeviceKey(0), kind: Keyboard { keycode: 32, state: Released } }
2026-09-05T15:03:25.943728Z DEBUG event{token=Input(InputEvent { key: InputDeviceKey(3), kind: Keyboard { keycode: 36, state: Released } })}: muxw::compositor: Input event received event=InputEvent { key: InputDeviceKey(3), kind: Keyboard { keycode: 36, state: Released } }
2026-09-05T15:03:25.944058Z ERROR event{token=Input(InputEvent { key: InputDeviceKey(3), kind: Keyboard { keycode: 36, state: Released } })}: muxw::backend::drm: Failed to draw frame on surface 0: Device or resource busy (os error 16)
2026-09-05T15:03:25.956163Z TRACE event{token=DrmCard(DrmCardKey(0))}: muxw::compositor: DrmCard event triggered drm_card_key=DrmCardKey(0)
2026-09-05T15:03:25.996967Z DEBUG event{token=Input(InputEvent { key: InputDeviceKey(0), kind: Keyboard { keycode: 33, state: Released } })}: muxw::compositor: Input event received event=InputEvent { key: InputDeviceKey(0), kind: Keyboard { keycode: 33, state: Released } }
2026-09-05T15:03:26.006229Z TRACE event{token=DrmCard(DrmCardKey(0))}: muxw::compositor: DrmCard event triggered drm_card_key=DrmCardKey(0)
2026-09-05T15:03:26.361954Z DEBUG event{token=Input(InputEvent { key: InputDeviceKey(0), kind: Keyboard { keycode: 37, state: Pressed } })}: muxw::compositor: Input event received event=InputEvent { key: InputDeviceKey(0), kind: Keyboard { keycode: 37, state: Pressed } }
2026-09-05T15:03:26.373403Z TRACE event{token=DrmCard(DrmCardKey(0))}: muxw::compositor: DrmCard event triggered drm_card_key=DrmCardKey(0)
2026-09-05T15:03:26.421233Z DEBUG event{token=Input(InputEvent { key: InputDeviceKey(0), kind: Keyboard { keycode: 37, state: Released } })}: muxw::compositor: Input event received event=InputEvent { key: InputDeviceKey(0), kind: Keyboard { keycode: 37, state: Released } }
2026-09-05T15:03:26.423390Z TRACE event{token=DrmCard(DrmCardKey(0))}: muxw::compositor: DrmCard event triggered drm_card_key=DrmCardKey(0)
2026-09-05T15:03:26.879190Z DEBUG event{token=Input(InputEvent { key: InputDeviceKey(0), kind: Keyboard { keycode: 37, state: Pressed } })}: muxw::compositor: Input event received event=InputEvent { key: InputDeviceKey(0), kind: Keyboard { keycode: 37, state: Pressed } }
2026-09-05T15:03:26.890732Z TRACE event{token=DrmCard(DrmCardKey(0))}: muxw::compositor: DrmCard event triggered drm_card_key=DrmCardKey(0)
2026-09-05T15:03:26.967257Z DEBUG event{token=Input(InputEvent { key: InputDeviceKey(0), kind: Keyboard { keycode: 37, state: Released } })}: muxw::compositor: Input event received event=InputEvent { key: InputDeviceKey(0), kind: Keyboard { keycode: 37, state: Released } }
2026-09-05T15:03:26.974161Z TRACE event{token=DrmCard(DrmCardKey(0))}: muxw::compositor: DrmCard event triggered drm_card_key=DrmCardKey(0)
2026-09-05T15:03:27.250192Z DEBUG event{token=Input(InputEvent { key: InputDeviceKey(0), kind: Keyboard { keycode: 37, state: Pressed } })}: muxw::compositor: Input event received event=InputEvent { key: InputDeviceKey(0), kind: Keyboard { keycode: 37, state: Pressed } }
2026-09-05T15:03:27.257870Z TRACE event{token=DrmCard(DrmCardKey(0))}: muxw::compositor: DrmCard event triggered drm_card_key=DrmCardKey(0)
2026-09-05T15:03:27.297206Z DEBUG event{token=Input(InputEvent { key: InputDeviceKey(0), kind: Keyboard { keycode: 37, state: Released } })}: muxw::compositor: Input event received event=InputEvent { key: InputDeviceKey(0), kind: Keyboard { keycode: 37, state: Released } }
2026-09-05T15:03:27.307948Z TRACE event{token=DrmCard(DrmCardKey(0))}: muxw::compositor: DrmCard event triggered drm_card_key=DrmCardKey(0)
2026-09-05T15:03:27.492962Z DEBUG event{token=Input(InputEvent { key: InputDeviceKey(0), kind: Keyboard { keycode: 37, state: Pressed } })}: muxw::compositor: Input event received event=InputEvent { key: InputDeviceKey(0), kind: Keyboard { keycode: 37, state: Pressed } }
2026-09-05T15:03:27.508477Z TRACE event{token=DrmCard(DrmCardKey(0))}: muxw::compositor: DrmCard event triggered drm_card_key=DrmCardKey(0)
2026-09-05T15:03:27.516322Z DEBUG event{token=Input(InputEvent { key: InputDeviceKey(0), kind: Keyboard { keycode: 37, state: Released } })}: muxw::compositor: Input event received event=InputEvent { key: InputDeviceKey(0), kind: Keyboard { keycode: 37, state: Released } }
2026-09-05T15:03:27.524911Z TRACE event{token=DrmCard(DrmCardKey(0))}: muxw::compositor: DrmCard event triggered drm_card_key=DrmCardKey(0)
2026-09-05T15:03:27.655186Z DEBUG event{token=Input(InputEvent { key: InputDeviceKey(0), kind: Keyboard { keycode: 37, state: Pressed } })}: muxw::compositor: Input event received event=InputEvent { key: InputDeviceKey(0), kind: Keyboard { keycode: 37, state: Pressed } }
2026-09-05T15:03:27.658329Z TRACE event{token=DrmCard(DrmCardKey(0))}: muxw::compositor: DrmCard event triggered drm_card_key=DrmCardKey(0)
2026-09-05T15:03:27.721191Z DEBUG event{token=Input(InputEvent { key: InputDeviceKey(0), kind: Keyboard { keycode: 37, state: Released } })}: muxw::compositor: Input event received event=InputEvent { key: InputDeviceKey(0), kind: Keyboard { keycode: 37, state: Released } }
2026-09-05T15:03:27.725141Z TRACE event{token=DrmCard(DrmCardKey(0))}: muxw::compositor: DrmCard event triggered drm_card_key=DrmCardKey(0)
2026-09-05T15:03:28.050342Z DEBUG event{token=Input(InputEvent { key: InputDeviceKey(0), kind: Keyboard { keycode: 1, state: Pressed } })}: muxw::compositor: Input event received event=InputEvent { key: InputDeviceKey(0), kind: Keyboard { keycode: 1, state: Pressed } }
2026-09-05T15:03:28.051194Z DEBUG event{token=Shutdown}: muxw::compositor: Exiting
